  Geri y├╝klenecek projeler belirleniyor...
  Geri y├╝kleme i├ğin t├╝m projeler g├╝ncel.
  Novelytical.Data -> C:\Users\Yasir2.Prenses\Novelytical\Novelytical.Data\bin\Debug\net9.0\Novelytical.Data.dll
C:\Users\Yasir2.Prenses\Novelytical\Novelytical.Tests\TokenizerCompatibilityTest.cs(20,31): error CS1929: 'Tokenizer' bir 'Create' tan─▒m─▒ i├ğermiyor ve en iyi geni┼şletme y├Ântemi yeniden y├╝klemesi olan 'FileSystemAclExtensions.Create(DirectoryInfo, DirectorySecurity)', 'System.IO.DirectoryInfo' t├╝r├╝n├╝n bir al─▒c─▒s─▒n─▒ gerektiriyor [C:\Users\Yasir2.Prenses\Novelytical\Novelytical.Tests\Novelytical.Tests.csproj]
C:\Users\Yasir2.Prenses\Novelytical\Novelytical.Tests\TokenizerCompatibilityTest.cs(26,33): error CS1061: 'Tokenizer' bir 'Encode' tan─▒m─▒ i├ğermiyor ve 'Tokenizer' t├╝r├╝nde bir ilk ba─ş─▒ms─▒z de─şi┼şken kabul eden hi├ğbir eri┼şilebilir 'Encode' geni┼şletme y├Ântemi bulunamad─▒ (bir kullanma y├Ânergeniz veya derleme ba┼şvurunuz eksik olabilir mi?) [C:\Users\Yasir2.Prenses\Novelytical\Novelytical.Tests\Novelytical.Tests.csproj]
